Microchip MPLAB XC8 Compiler V2.40

Linker command line:

-W-3 \
  --edf=C:\Program Files\Microchip\xc8\v2.40\pic\dat\20220703182018_en.msgs \
  -cn -h+dist/default/production\Lab5.X.production.sym \
  --cmf=dist/default/production\Lab5.X.production.cmf -z -Q16F887 \
  -oC:\Users\byron\AppData\Local\Temp\xcAs1qpo.4 --defsym=__MPLAB_BUILD=1 \
  --fixupoverflow=error -Mdist/default/production/Lab5.X.production.map \
  --md=C:\Users\byron\AppData\Local\Temp\xcAs1qpo.dat -E1 -ver=XC8 Compiler \
  --acfsm=1493 -ACODE=00h-07FFhx4 -ASTRCODE=00h-01FFFh -ASTRING=00h-0FFhx32 \
  -ACONST=00h-0FFhx32 -AENTRY=00h-0FFhx32 -ACOMMON=070h-07Fh \
  -ABANK0=020h-06Fh -ABANK1=0A0h-0EFh -ABANK2=0110h-016Fh \
  -ABANK3=0190h-01EFh -ARAM=020h-06Fh,0A0h-0EFh,0110h-016Fh,0190h-01EFh \
  -AABS1=020h-07Fh,0A0h-0EFh,0110h-016Fh,0190h-01EFh -ASFR0=00h-01Fh \
  -ASFR1=080h-09Fh -ASFR2=0100h-010Fh -ASFR3=0180h-018Fh \
  -ACONFIG=02007h-02008h -DCONFIG=2 -AIDLOC=02000h-02003h -DIDLOC=2 \
  -AEEDATA=00h-0FFh/02100h -peeprom_data=EEDATA -DEEDATA=2 -DCODE=2 \
  -DSTRCODE=2 -DSTRING=2 -DCONST=2 -DENTRY=2 \
  -preset_vec=00h,intentry,init,end_init -ppowerup=CODE -pcinit=CODE \
  -pfunctab=ENTRY -k C:\Users\byron\AppData\Local\Temp\xcAs1qpo.o \
  dist/default/production\Lab5.X.production.o 

Object code version is 3.11

Machine type is 16F887



                Name                               Link     Load   Length Selector   Space Scale
C:\Users\byron\AppData\Local\Temp\xcAs1qpo.o
                end_init                              0        0        3        0       0
                config                             2007     2007        2        0       4
                idloc                              2000     2000        4        0       5
dist/default/production\Lab5.X.production.o
                cinit                               7F2      7F2        E      FE4       0
                config                             2007     2007        2        0       4
                idloc                              2000     2000        4        0       5
                text9                               255      255      258      4AA       0
                text8                               FAD      FAD       27     1F5A       0
                text7                               4AD      4AD      345      95A       0
                text6                                95       95       78      12A       0
                text5                               19D      19D       B8      33A       0
                text4                                40       40       55       80       0
                text3                                13       13       2D       26       0
                text2                               FD4      FD4       2C     1FA8       0
                text1                               F88      F88       25     1F10       0
                maintext                            10D      10D       90      21A       0
                cstackBANK0                          20       20       3C       20       1
                cstackCOMMON                         70       70        E       70       1
                bssBANK0                             5C       5C        8       20       1

TOTAL           Name                               Link     Load   Length     Space
        CLASS   CODE           
                end_init                              0        0        3         0
                cinit                               7F2      7F2        E         0
                text9                               255      255      258         0
                text8                               FAD      FAD       27         0
                text7                               4AD      4AD      345         0
                text6                                95       95       78         0
                text5                               19D      19D       B8         0
                text4                                40       40       55         0
                text3                                13       13       2D         0
                text2                               FD4      FD4       2C         0
                text1                               F88      F88       25         0
                maintext                            10D      10D       90         0

        CLASS   STRCODE        

        CLASS   STRING         

        CLASS   CONST          

        CLASS   ENTRY          

        CLASS   COMMON         
                cstackCOMMON                         70       70        E         1

        CLASS   BANK0          
                cstackBANK0                          20       20       3C         1
                bssBANK0                             5C       5C        8         1

        CLASS   BANK1          

        CLASS   BANK2          

        CLASS   BANK3          

        CLASS   RAM            

        CLASS   ABS1           
                abs_s1                               7E       7E        2         1

        CLASS   SFR0           

        CLASS   SFR1           

        CLASS   SFR2           

        CLASS   SFR3           

        CLASS   CONFIG         
                config                             2007     2007        2         4

        CLASS   IDLOC          
                idloc                              2000     2000        4         5

        CLASS   EEDATA         

        CLASS   STACK          



SEGMENTS        Name                           Load    Length   Top    Selector   Space  Class     Delta

                reset_vec                      000000  000003  000003         0       0  CODE        2
                cstackBANK0                    000020  000044  000064        20       1  BANK0       1
                text3                          000013  00002D  000040        26       0  CODE        2
                cstackCOMMON                   000070  00000E  00007E        70       1  COMMON      1
                text4                          000040  000055  000095        80       0  CODE        2
                text6                          000095  000078  00010D       12A       0  CODE        2
                maintext                       00010D  000090  00019D       21A       0  CODE        2
                text5                          00019D  0000B8  000255       33A       0  CODE        2
                text9                          000255  000258  0004AD       4AA       0  CODE        2
                text7                          0004AD  000345  0007F2       95A       0  CODE        2
                cinit                          0007F2  00000E  000800       FE4       0  CODE        2
                text1                          000F88  000025  000FAD      1F10       0  CODE        2
                text8                          000FAD  000027  000FD4      1F5A       0  CODE        2
                text2                          000FD4  00002C  001000      1FA8       0  CODE        2


UNUSED ADDRESS RANGES

        Name                Unused          Largest block    Delta
        BANK0            0064-006F              C           1
        BANK1            00A0-00EF             50           1
        BANK2            0110-016F             60           1
        BANK3            0190-01EF             60           1
        CODE             0003-0012             10           2
                         0800-0F87            788
                         1000-1FFF            800
        CONST            0003-0012             10           2
                         0800-0F87            100
                         1000-1FFF            100
        EEDATA           2100-21FF            100           2
        ENTRY            0003-0012             10           2
                         0800-0F87            100
                         1000-1FFF            100
        RAM              0064-006F              C           1
                         00A0-00EF             50
                         0110-016F             60
                         0190-01EF             60
        SFR0             0000-001F             20           1
        SFR1             0080-009F             20           1
        SFR2             0100-010F             10           1
        SFR3             0180-018F             10           1
        STRCODE          0003-0012             10           2
                         0800-0F87            788
                         1000-1FFF           1000
        STRING           0003-0012             10           2
                         0800-0F87            100
                         1000-1FFF            100

                                  Symbol Table

?__Umul8_16              cstackCOMMON 0070
?___fladd                cstackBANK0  003A
?___flmul                cstackBANK0  0020
?___fltol                cstackBANK0  004E
?___xxtofl               cstackCOMMON 0070
_ADCON0bits              (abs)        001F
_ADCON1bits              (abs)        009F
_ADIF                    (abs)        0066
_ADRESH                  (abs)        001E
_ANSELH                  (abs)        0189
_ANSELbits               (abs)        0188
_CCP1CONbits             (abs)        0017
_CCP2CONbits             (abs)        001D
_CCPR1L                  (abs)        0015
_CCPR2L                  (abs)        001B
_INTCONbits              (abs)        000B
_OPTION_REGbits          (abs)        0081
_OSCCONbits              (abs)        008F
_PIE1bits                (abs)        008C
_PIR1bits                (abs)        000C
_PORTAbits               (abs)        0005
_PORTB                   (abs)        0006
_PORTC                   (abs)        0007
_PORTD                   (abs)        0008
_PORTE                   (abs)        0009
_PR2                     (abs)        0092
_SERVO                   bssBANK0     005C
_T2CONbits               (abs)        0012
_TMR0                    (abs)        0001
_TMR2IF                  (abs)        0061
_TMR2ON                  (abs)        0092
_TRISAbits               (abs)        0085
_TRISB                   (abs)        0086
_TRISC                   (abs)        0087
_TRISCbits               (abs)        0087
_TRISD                   (abs)        0088
_TRISE                   (abs)        0089
_V1_ADRESH               bssBANK0     0062
_V2_ADRESH               bssBANK0     0060
_V3_ADRESH               bssBANK0     005E
__Habs1                  abs1         0000
__Hbank0                 bank0        0000
__Hbank1                 bank1        0000
__Hbank2                 bank2        0000
__Hbank3                 bank3        0000
__HbssBANK0              bssBANK0     0000
__Hcinit                 cinit        0800
__Hclrtext               clrtext      0000
__Hcode                  code         0000
__Hcommon                common       0000
__Hconfig                config       2009
__HcstackBANK0           cstackBANK0  0000
__HcstackCOMMON          cstackCOMMON 0000
__Heeprom_data           eeprom_data  0000
__Hend_init              end_init     0003
__Hfunctab               functab      0000
__Hidloc                 idloc        2004
__Hinit                  init         0000
__Hintentry              intentry     0000
__Hmaintext              maintext     0000
__Hpowerup               powerup      0000
__Hram                   ram          0000
__Hreset_vec             reset_vec    0000
__Hsfr0                  sfr0         0000
__Hsfr1                  sfr1         0000
__Hsfr2                  sfr2         0000
__Hsfr3                  sfr3         0000
__Hspace_0               (abs)        1000
__Hspace_1               (abs)        007E
__Hspace_2               (abs)        0000
__Hspace_3               (abs)        0000
__Hspace_4               (abs)        4010
__Hstack                 stack        0000
__Hstrings               strings      0000
__Htext                  text         0000
__Labs1                  abs1         0000
__Lbank0                 bank0        0000
__Lbank1                 bank1        0000
__Lbank2                 bank2        0000
__Lbank3                 bank3        0000
__LbssBANK0              bssBANK0     0000
__Lcinit                 cinit        07F2
__Lclrtext               clrtext      0000
__Lcode                  code         0000
__Lcommon                common       0000
__Lconfig                config       0000
__LcstackBANK0           cstackBANK0  0000
__LcstackCOMMON          cstackCOMMON 0000
__Leeprom_data           eeprom_data  0000
__Lend_init              end_init     0000
__Lfunctab               functab      0000
__Lidloc                 idloc        0000
__Linit                  init         0000
__Lintentry              intentry     0000
__Lmaintext              maintext     0000
__Lpowerup               powerup      0000
__Lram                   ram          0000
__Lreset_vec             reset_vec    0000
__Lsfr0                  sfr0         0000
__Lsfr1                  sfr1         0000
__Lsfr2                  sfr2         0000
__Lsfr3                  sfr3         0000
__Lspace_0               (abs)        0000
__Lspace_1               (abs)        0000
__Lspace_2               (abs)        0000
__Lspace_3               (abs)        0000
__Lspace_4               (abs)        0000
__Lstack                 stack        0000
__Lstrings               strings      0000
__Ltext                  text         0000
__S0                     (abs)        1000
__S1                     (abs)        007E
__S3                     (abs)        0000
__Umul8_16               text8        0FAD
__Umul8_16@multiplicand  cstackCOMMON 0070
__Umul8_16@multiplier    cstackCOMMON 0078
__Umul8_16@product       cstackCOMMON 0074
__Umul8_16@word_mpld     cstackCOMMON 0076
___fladd                 text9        0255
___fladd@a               cstackBANK0  003E
___fladd@aexp            cstackBANK0  004B
___fladd@b               cstackBANK0  003A
___fladd@bexp            cstackBANK0  004C
___fladd@grs             cstackBANK0  004D
___fladd@signs           cstackBANK0  004A
___flmul                 text7        04AD
___flmul@a               cstackBANK0  0024
___flmul@aexp            cstackBANK0  0032
___flmul@b               cstackBANK0  0020
___flmul@bexp            cstackBANK0  0033
___flmul@grs             cstackBANK0  002E
___flmul@prod            cstackBANK0  0034
___flmul@sign            cstackBANK0  002D
___flmul@temp            cstackBANK0  0038
___fltol                 text6        0095
___fltol@exp1            cstackBANK0  0057
___fltol@f1              cstackBANK0  004E
___fltol@sign1           cstackBANK0  0056
___int_sp                stack        0000
___latbits               (abs)        0002
___sp                    stack        0000
___stackhi               (abs)        0000
___stacklo               (abs)        0000
___xxtofl                text5        019D
___xxtofl@arg            cstackCOMMON 007A
___xxtofl@exp            cstackCOMMON 0079
___xxtofl@sign           cstackCOMMON 0078
___xxtofl@val            cstackCOMMON 0070
__end_of__Umul8_16       text8        0FD4
__end_of___fladd         text9        04AD
__end_of___flmul         text7        07F2
__end_of___fltol         text6        010D
__end_of___xxtofl        text5        0255
__end_of__initialization cinit        07FC
__end_of_convertir       text4        0095
__end_of_main            maintext     019D
__end_of_setup           text3        0040
__end_of_setupADC        text2        1000
__end_of_setupPWM        text1        0FAD
__initialization         cinit        07F2
__pbssBANK0              bssBANK0     005C
__pcstackBANK0           cstackBANK0  0020
__pcstackCOMMON          cstackCOMMON 0070
__pmaintext              maintext     010D
__ptext1                 text1        0F88
__ptext2                 text2        0FD4
__ptext3                 text3        0013
__ptext4                 text4        0040
__ptext5                 text5        019D
__ptext6                 text6        0095
__ptext7                 text7        04AD
__ptext8                 text8        0FAD
__ptext9                 text9        0255
_convertir               text4        0040
_main                    maintext     010D
_setup                   text3        0013
_setupADC                text2        0FD4
_setupPWM                text1        0F88
btemp                    (abs)        007E
convertir@V_ADRESH       cstackBANK0  0058
end_of_initialization    cinit        07FC
intlevel0                functab      0000
intlevel1                functab      0000
intlevel2                functab      0000
intlevel3                functab      0000
intlevel4                functab      0000
intlevel5                functab      0000
reset_vec                reset_vec    0000
start                    init         0000
start_initialization     cinit        07F2
wtemp0                   (abs)        007E


MODULE INFORMATION

Module		Function		Class		Link	Load	Size
C:\Program Files\Microchip\xc8\v2.40\pic\sources\c90\common\fltol.c
		___fltol       		CODE           	0095	0000	120

C:\Program Files\Microchip\xc8\v2.40\pic\sources\c90\common\fltol.c estimated size: 120

C:\Program Files\Microchip\xc8\v2.40\pic\sources\c90\common\sprcmul.c
		___flmul       		CODE           	04AD	0000	837

C:\Program Files\Microchip\xc8\v2.40\pic\sources\c90\common\sprcmul.c estimated size: 837

C:\Program Files\Microchip\xc8\v2.40\pic\sources\c90\common\Umul8_16.c
		__Umul8_16     		CODE           	0FAD	0000	39

C:\Program Files\Microchip\xc8\v2.40\pic\sources\c90\common\Umul8_16.c estimated size: 39

shared
		__initialization		CODE           	07F2	0000	10

shared estimated size: 10

C:\Program Files\Microchip\xc8\v2.40\pic\sources\c90\common\sprcadd.c
		___fladd       		CODE           	0255	0000	600

C:\Program Files\Microchip\xc8\v2.40\pic\sources\c90\common\sprcadd.c estimated size: 600

main.c
		_setupPWM      		CODE           	0F88	0000	37
		_main          		CODE           	010D	0000	144
		_setup         		CODE           	0013	0000	45
		_convertir     		CODE           	0040	0000	85
		_setupADC      		CODE           	0FD4	0000	44

main.c estimated size: 355

C:\Program Files\Microchip\xc8\v2.40\pic\sources\c90\common\xxtofl.c
		___xxtofl      		CODE           	019D	0000	184

C:\Program Files\Microchip\xc8\v2.40\pic\sources\c90\common\xxtofl.c estimated size: 184

