Microchip MPLAB XC8 Compiler V2.40

Linker command line:

-W-3 \
  --edf=C:\Program Files\Microchip\xc8\v2.40\pic\dat\20220703182018_en.msgs \
  -cn -h+dist/default/production\Lab5.X.production.sym \
  --cmf=dist/default/production\Lab5.X.production.cmf -z -Q16F887 \
  -oC:\Users\byron\AppData\Local\Temp\xcAsvlg.4 --defsym=__MPLAB_BUILD=1 \
  --fixupoverflow=error -Mdist/default/production/Lab5.X.production.map \
  --md=C:\Users\byron\AppData\Local\Temp\xcAsvlg.dat -E1 -ver=XC8 Compiler \
  --acfsm=1493 -ACODE=00h-07FFhx4 -ASTRCODE=00h-01FFFh -ASTRING=00h-0FFhx32 \
  -ACONST=00h-0FFhx32 -AENTRY=00h-0FFhx32 -ACOMMON=070h-07Fh \
  -ABANK0=020h-06Fh -ABANK1=0A0h-0EFh -ABANK2=0110h-016Fh \
  -ABANK3=0190h-01EFh -ARAM=020h-06Fh,0A0h-0EFh,0110h-016Fh,0190h-01EFh \
  -AABS1=020h-07Fh,0A0h-0EFh,0110h-016Fh,0190h-01EFh -ASFR0=00h-01Fh \
  -ASFR1=080h-09Fh -ASFR2=0100h-010Fh -ASFR3=0180h-018Fh \
  -ACONFIG=02007h-02008h -DCONFIG=2 -AIDLOC=02000h-02003h -DIDLOC=2 \
  -AEEDATA=00h-0FFh/02100h -peeprom_data=EEDATA -DEEDATA=2 -DCODE=2 \
  -DSTRCODE=2 -DSTRING=2 -DCONST=2 -DENTRY=2 \
  -preset_vec=00h,intentry=04h,init,end_init -ppowerup=CODE -pcinit=CODE \
  -pfunctab=ENTRY -k C:\Users\byron\AppData\Local\Temp\xcAsvlg.o \
  dist/default/production\Lab5.X.production.o 

Object code version is 3.11

Machine type is 16F887



                Name                               Link     Load   Length Selector   Space Scale
C:\Users\byron\AppData\Local\Temp\xcAsvlg.o
                end_init                              C        C        3        8       0
                reset_vec                             0        0        3        0       0
                config                             2007     2007        2        0       4
                idloc                              2000     2000        4        0       5
dist/default/production\Lab5.X.production.o
                cinit                                 F        F        F        8       0
                intentry                              4        4        8        8       0
                config                             2007     2007        2        0       4
                idloc                              2000     2000        4        0       5
                text10                              7D0      7D0       2D        8       0
                text9                               363      363      258        8       0
                text8                               F7F      F7F       29     1EFE       0
                text7                                1E       1E      345        8       0
                text6                               703      703       78        8       0
                text5                               5BB      5BB       BA        8       0
                text4                               77B      77B       55        8       0
                text3                               FA8      FA8       2C     1F50       0
                text2                               FD4      FD4       2C     1FA8       0
                text1                               F5A      F5A       25     1EB4       0
                maintext                            675      675       8E        8       0
                cstackBANK0                          20       20       42       20       1
                cstackCOMMON                         70       70        B       70       1
                bssBANK0                             62       62        9       20       1

TOTAL           Name                               Link     Load   Length     Space
        CLASS   CODE           
                end_init                              C        C        3         0
                cinit                                 F        F        F         0
                intentry                              4        4        8         0
                reset_vec                             0        0        3         0
                text10                              7D0      7D0       2D         0
                text9                               363      363      258         0
                text8                               F7F      F7F       29         0
                text7                                1E       1E      345         0
                text6                               703      703       78         0
                text5                               5BB      5BB       BA         0
                text4                               77B      77B       55         0
                text3                               FA8      FA8       2C         0
                text2                               FD4      FD4       2C         0
                text1                               F5A      F5A       25         0
                maintext                            675      675       8E         0

        CLASS   STRCODE        

        CLASS   STRING         

        CLASS   CONST          

        CLASS   ENTRY          

        CLASS   COMMON         
                cstackCOMMON                         70       70        B         1

        CLASS   BANK0          
                cstackBANK0                          20       20       42         1
                bssBANK0                             62       62        9         1

        CLASS   BANK1          

        CLASS   BANK2          

        CLASS   BANK3          

        CLASS   RAM            

        CLASS   ABS1           
                abs_s1                               7E       7E        2         1

        CLASS   SFR0           

        CLASS   SFR1           

        CLASS   SFR2           

        CLASS   SFR3           

        CLASS   CONFIG         
                config                             2007     2007        2         4

        CLASS   IDLOC          
                idloc                              2000     2000        4         5

        CLASS   EEDATA         

        CLASS   STACK          



SEGMENTS        Name                           Load    Length   Top    Selector   Space  Class     Delta

                reset_vec                      000000  000003  000003         0       0  CODE        2
                intentry                       000004  0007F9  0007FD         8       0  CODE        2
                cstackBANK0                    000020  00004B  00006B        20       1  BANK0       1
                cstackCOMMON                   000070  00000B  00007B        70       1  COMMON      1
                text1                          000F5A  000025  000F7F      1EB4       0  CODE        2
                text8                          000F7F  000029  000FA8      1EFE       0  CODE        2
                text3                          000FA8  00002C  000FD4      1F50       0  CODE        2
                text2                          000FD4  00002C  001000      1FA8       0  CODE        2


UNUSED ADDRESS RANGES

        Name                Unused          Largest block    Delta
        BANK0            006B-006F              5           1
        BANK1            00A0-00EF             50           1
        BANK2            0110-016F             60           1
        BANK3            0190-01EF             60           1
        CODE             0003-0003              1           2
                         07FD-0F59              3
                         1000-1FFF            800
        COMMON           007B-007D              3           1
        CONST            0003-0003              1           2
                         07FD-0F59            100
                         1000-1FFF            100
        EEDATA           2100-21FF            100           2
        ENTRY            0003-0003              1           2
                         07FD-0F59            100
                         1000-1FFF            100
        RAM              006B-006F              5           1
                         00A0-00EF             50
                         0110-016F             60
                         0190-01EF             60
        SFR0             0000-001F             20           1
        SFR1             0080-009F             20           1
        SFR2             0100-010F             10           1
        SFR3             0180-018F             10           1
        STRCODE          0003-0003              1           2
                         07FD-0F59            75D
                         1000-1FFF           1000
        STRING           0003-0003              1           2
                         07FD-0F59            100
                         1000-1FFF            100

                                  Symbol Table

?__Umul8_16              cstackCOMMON 0073
?___fladd                cstackBANK0  0040
?___flmul                cstackBANK0  0026
?___fltol                cstackBANK0  0054
?___xxtofl               cstackCOMMON 0073
_ADCON0bits              (abs)        001F
_ADCON1bits              (abs)        009F
_ADRESH                  (abs)        001E
_ANSELH                  (abs)        0189
_ANSELbits               (abs)        0188
_CCP1CONbits             (abs)        0017
_CCP2CONbits             (abs)        001D
_CCPR1L                  (abs)        0015
_CCPR2L                  (abs)        001B
_CONT_TMR0               bssBANK0     006A
_INTCONbits              (abs)        000B
_OPTION_REGbits          (abs)        0081
_OSCCONbits              (abs)        008F
_PIE1bits                (abs)        008C
_PIR1bits                (abs)        000C
_PORTA                   (abs)        0005
_PORTB                   (abs)        0006
_PORTC                   (abs)        0007
_PORTD                   (abs)        0008
_PORTDbits               (abs)        0008
_PORTE                   (abs)        0009
_PR2                     (abs)        0092
_SERVO                   bssBANK0     0062
_T2CONbits               (abs)        0012
_TMR0                    (abs)        0001
_TRISA                   (abs)        0085
_TRISAbits               (abs)        0085
_TRISB                   (abs)        0086
_TRISC                   (abs)        0087
_TRISCbits               (abs)        0087
_TRISD                   (abs)        0088
_TRISE                   (abs)        0089
_V1_ADRESH               bssBANK0     0068
_V2_ADRESH               bssBANK0     0066
_V3_ADRESH               bssBANK0     0064
__Habs1                  abs1         0000
__Hbank0                 bank0        0000
__Hbank1                 bank1        0000
__Hbank2                 bank2        0000
__Hbank3                 bank3        0000
__HbssBANK0              bssBANK0     0000
__Hcinit                 cinit        001E
__Hclrtext               clrtext      0000
__Hcode                  code         0000
__Hcommon                common       0000
__Hconfig                config       2009
__HcstackBANK0           cstackBANK0  0000
__HcstackCOMMON          cstackCOMMON 0000
__Heeprom_data           eeprom_data  0000
__Hend_init              end_init     000F
__Hfunctab               functab      0000
__Hidloc                 idloc        2004
__Hinit                  init         000C
__Hintentry              intentry     000C
__Hmaintext              maintext     0000
__Hpowerup               powerup      0000
__Hram                   ram          0000
__Hreset_vec             reset_vec    0003
__Hsfr0                  sfr0         0000
__Hsfr1                  sfr1         0000
__Hsfr2                  sfr2         0000
__Hsfr3                  sfr3         0000
__Hspace_0               (abs)        1000
__Hspace_1               (abs)        007B
__Hspace_2               (abs)        0000
__Hspace_3               (abs)        0000
__Hspace_4               (abs)        4010
__Hstack                 stack        0000
__Hstrings               strings      0000
__Htext                  text         0000
__Labs1                  abs1         0000
__Lbank0                 bank0        0000
__Lbank1                 bank1        0000
__Lbank2                 bank2        0000
__Lbank3                 bank3        0000
__LbssBANK0              bssBANK0     0000
__Lcinit                 cinit        000F
__Lclrtext               clrtext      0000
__Lcode                  code         0000
__Lcommon                common       0000
__Lconfig                config       0000
__LcstackBANK0           cstackBANK0  0000
__LcstackCOMMON          cstackCOMMON 0000
__Leeprom_data           eeprom_data  0000
__Lend_init              end_init     000C
__Lfunctab               functab      0000
__Lidloc                 idloc        0000
__Linit                  init         000C
__Lintentry              intentry     0004
__Lmaintext              maintext     0000
__Lpowerup               powerup      0000
__Lram                   ram          0000
__Lreset_vec             reset_vec    0000
__Lsfr0                  sfr0         0000
__Lsfr1                  sfr1         0000
__Lsfr2                  sfr2         0000
__Lsfr3                  sfr3         0000
__Lspace_0               (abs)        0000
__Lspace_1               (abs)        0000
__Lspace_2               (abs)        0000
__Lspace_3               (abs)        0000
__Lspace_4               (abs)        0000
__Lstack                 stack        0000
__Lstrings               strings      0000
__Ltext                  text         0000
__S0                     (abs)        1000
__S1                     (abs)        007B
__S3                     (abs)        0000
__Umul8_16               text8        0F7F
__Umul8_16@multiplicand  cstackCOMMON 0073
__Umul8_16@multiplier    cstackBANK0  0024
__Umul8_16@product       cstackBANK0  0020
__Umul8_16@word_mpld     cstackBANK0  0022
___fladd                 text9        0363
___fladd@a               cstackBANK0  0044
___fladd@aexp            cstackBANK0  0051
___fladd@b               cstackBANK0  0040
___fladd@bexp            cstackBANK0  0052
___fladd@grs             cstackBANK0  0053
___fladd@signs           cstackBANK0  0050
___flmul                 text7        001E
___flmul@a               cstackBANK0  002A
___flmul@aexp            cstackBANK0  0038
___flmul@b               cstackBANK0  0026
___flmul@bexp            cstackBANK0  0039
___flmul@grs             cstackBANK0  0034
___flmul@prod            cstackBANK0  003A
___flmul@sign            cstackBANK0  0033
___flmul@temp            cstackBANK0  003E
___fltol                 text6        0703
___fltol@exp1            cstackBANK0  005D
___fltol@f1              cstackBANK0  0054
___fltol@sign1           cstackBANK0  005C
___int_sp                stack        0000
___latbits               (abs)        0002
___sp                    stack        0000
___stackhi               (abs)        0000
___stacklo               (abs)        0000
___xxtofl                text5        05BB
___xxtofl@arg            cstackBANK0  0022
___xxtofl@exp            cstackBANK0  0021
___xxtofl@sign           cstackBANK0  0020
___xxtofl@val            cstackCOMMON 0073
__end_of__Umul8_16       text8        0FA8
__end_of___fladd         text9        05BB
__end_of___flmul         text7        0363
__end_of___fltol         text6        077B
__end_of___xxtofl        text5        0675
__end_of__initialization cinit        001A
__end_of_convertir       text4        07D0
__end_of_isr             text10       07FD
__end_of_main            maintext     0703
__end_of_setup           text3        0FD4
__end_of_setupADC        text2        1000
__end_of_setupPWM        text1        0F7F
__initialization         cinit        000F
__pbssBANK0              bssBANK0     0062
__pcstackBANK0           cstackBANK0  0020
__pcstackCOMMON          cstackCOMMON 0070
__pintentry              intentry     0004
__pmaintext              maintext     0675
__ptext1                 text1        0F5A
__ptext10                text10       07D0
__ptext2                 text2        0FD4
__ptext3                 text3        0FA8
__ptext4                 text4        077B
__ptext5                 text5        05BB
__ptext6                 text6        0703
__ptext7                 text7        001E
__ptext8                 text8        0F7F
__ptext9                 text9        0363
_convertir               text4        077B
_isr                     text10       07D0
_main                    maintext     0675
_setup                   text3        0FA8
_setupADC                text2        0FD4
_setupPWM                text1        0F5A
btemp                    (abs)        007E
convertir@V_ADRESH       cstackBANK0  005E
end_of_initialization    cinit        001A
interrupt_function       intentry     0004
intlevel0                functab      0000
intlevel1                functab      0000
intlevel2                functab      0000
intlevel3                functab      0000
intlevel4                functab      0000
intlevel5                functab      0000
reset_vec                reset_vec    0000
saved_w                  (abs)        007E
start                    init         000C
start_initialization     cinit        000F
wtemp0                   (abs)        007E


MODULE INFORMATION

Module		Function		Class		Link	Load	Size
C:\Program Files\Microchip\xc8\v2.40\pic\sources\c90\common\fltol.c
		___fltol       		CODE           	0703	0000	120

C:\Program Files\Microchip\xc8\v2.40\pic\sources\c90\common\fltol.c estimated size: 120

C:\Program Files\Microchip\xc8\v2.40\pic\sources\c90\common\sprcmul.c
		___flmul       		CODE           	001E	0000	837

C:\Program Files\Microchip\xc8\v2.40\pic\sources\c90\common\sprcmul.c estimated size: 837

C:\Program Files\Microchip\xc8\v2.40\pic\sources\c90\common\Umul8_16.c
		__Umul8_16     		CODE           	0F7F	0000	41

C:\Program Files\Microchip\xc8\v2.40\pic\sources\c90\common\Umul8_16.c estimated size: 41

shared
		__initialization		CODE           	000F	0000	11

shared estimated size: 11

C:\Program Files\Microchip\xc8\v2.40\pic\sources\c90\common\sprcadd.c
		___fladd       		CODE           	0363	0000	600

C:\Program Files\Microchip\xc8\v2.40\pic\sources\c90\common\sprcadd.c estimated size: 600

main.c
		_setupPWM      		CODE           	0F5A	0000	37
		_main          		CODE           	0675	0000	142
		_isr           		CODE           	07D0	0000	45
		_setup         		CODE           	0FA8	0000	44
		_convertir     		CODE           	077B	0000	85
		_setupADC      		CODE           	0FD4	0000	44

main.c estimated size: 397

C:\Program Files\Microchip\xc8\v2.40\pic\sources\c90\common\xxtofl.c
		___xxtofl      		CODE           	05BB	0000	186

C:\Program Files\Microchip\xc8\v2.40\pic\sources\c90\common\xxtofl.c estimated size: 186

